Archive member included to satisfy reference by file (symbol)

../../bare-metal-series/libopencm3/lib/libopencm3_stm32f4.a(gpio_common_all.o)
                              src/main.o (gpio_toggle)
../../bare-metal-series/libopencm3/lib/libopencm3_stm32f4.a(gpio_common_f0234.o)
                              src/main.o (gpio_mode_setup)
../../bare-metal-series/libopencm3/lib/libopencm3_stm32f4.a(rcc_common_all.o)
                              src/main.o (rcc_periph_clock_enable)
../../bare-metal-series/libopencm3/lib/libopencm3_stm32f4.a(rcc.o)
                              src/main.o (rcc_clock_setup_pll)
../../bare-metal-series/libopencm3/lib/libopencm3_stm32f4.a(vector.o)
                              (reset_handler)
../../bare-metal-series/libopencm3/lib/libopencm3_stm32f4.a(flash_common_all.o)
                              ../../bare-metal-series/libopencm3/lib/libopencm3_stm32f4.a(rcc.o) (flash_set_ws)
../../bare-metal-series/libopencm3/lib/libopencm3_stm32f4.a(flash_common_idcache.o)
                              ../../bare-metal-series/libopencm3/lib/libopencm3_stm32f4.a(rcc.o) (flash_dcache_enable)
../../bare-metal-series/libopencm3/lib/libopencm3_stm32f4.a(pwr.o)
                              ../../bare-metal-series/libopencm3/lib/libopencm3_stm32f4.a(rcc.o) (pwr_set_vos_scale)

Discarded input sections

 .group         0x00000000        0xc src/main.o
 .group         0x00000000        0xc src/main.o
 .group         0x00000000        0xc src/main.o
 .group         0x00000000        0xc src/main.o
 .group         0x00000000        0xc src/main.o
 .group         0x00000000        0xc src/main.o
 .group         0x00000000        0xc src/main.o
 .group         0x00000000        0xc src/main.o
 .group         0x00000000        0xc src/main.o
 .group         0x00000000        0xc src/main.o
 .group         0x00000000        0xc src/main.o
 .group         0x00000000        0xc src/main.o
 .group         0x00000000        0xc src/main.o
 .text          0x00000000        0x0 src/main.o
 .data          0x00000000        0x0 src/main.o
 .bss           0x00000000        0x0 src/main.o
 .group         0x00000000        0xc ../../bare-metal-series/libopencm3/lib/libopencm3_stm32f4.a(gpio_common_all.o)
 .group         0x00000000        0xc ../../bare-metal-series/libopencm3/lib/libopencm3_stm32f4.a(gpio_common_all.o)
 .group         0x00000000        0xc ../../bare-metal-series/libopencm3/lib/libopencm3_stm32f4.a(gpio_common_all.o)
 .group         0x00000000        0xc ../../bare-metal-series/libopencm3/lib/libopencm3_stm32f4.a(gpio_common_all.o)
 .group         0x00000000        0xc ../../bare-metal-series/libopencm3/lib/libopencm3_stm32f4.a(gpio_common_all.o)
 .group         0x00000000        0xc ../../bare-metal-series/libopencm3/lib/libopencm3_stm32f4.a(gpio_common_all.o)
 .group         0x00000000        0xc ../../bare-metal-series/libopencm3/lib/libopencm3_stm32f4.a(gpio_common_all.o)
 .group         0x00000000        0xc ../../bare-metal-series/libopencm3/lib/libopencm3_stm32f4.a(gpio_common_all.o)
 .group         0x00000000        0xc ../../bare-metal-series/libopencm3/lib/libopencm3_stm32f4.a(gpio_common_all.o)
 .group         0x00000000        0xc ../../bare-metal-series/libopencm3/lib/libopencm3_stm32f4.a(gpio_common_all.o)
 .text          0x00000000        0x0 ../../bare-metal-series/libopencm3/lib/libopencm3_stm32f4.a(gpio_common_all.o)
 .data          0x00000000        0x0 ../../bare-metal-series/libopencm3/lib/libopencm3_stm32f4.a(gpio_common_all.o)
 .bss           0x00000000        0x0 ../../bare-metal-series/libopencm3/lib/libopencm3_stm32f4.a(gpio_common_all.o)
 .text.gpio_set
                0x00000000        0x4 ../../bare-metal-series/libopencm3/lib/libopencm3_stm32f4.a(gpio_common_all.o)
 .text.gpio_clear
                0x00000000        0x6 ../../bare-metal-series/libopencm3/lib/libopencm3_stm32f4.a(gpio_common_all.o)
 .text.gpio_get
                0x00000000        0x6 ../../bare-metal-series/libopencm3/lib/libopencm3_stm32f4.a(gpio_common_all.o)
 .text.gpio_port_read
                0x00000000        0x6 ../../bare-metal-series/libopencm3/lib/libopencm3_stm32f4.a(gpio_common_all.o)
 .text.gpio_port_write
                0x00000000        0x4 ../../bare-metal-series/libopencm3/lib/libopencm3_stm32f4.a(gpio_common_all.o)
 .text.gpio_port_config_lock
                0x00000000       0x10 ../../bare-metal-series/libopencm3/lib/libopencm3_stm32f4.a(gpio_common_all.o)
 .debug_macro   0x00000000      0xacc ../../bare-metal-series/libopencm3/lib/libopencm3_stm32f4.a(gpio_common_all.o)
 .debug_macro   0x00000000       0x1c ../../bare-metal-series/libopencm3/lib/libopencm3_stm32f4.a(gpio_common_all.o)
 .debug_macro   0x00000000      0x34e ../../bare-metal-series/libopencm3/lib/libopencm3_stm32f4.a(gpio_common_all.o)
 .debug_macro   0x00000000       0x22 ../../bare-metal-series/libopencm3/lib/libopencm3_stm32f4.a(gpio_common_all.o)
 .debug_macro   0x00000000       0xe8 ../../bare-metal-series/libopencm3/lib/libopencm3_stm32f4.a(gpio_common_all.o)
 .debug_macro   0x00000000       0x76 ../../bare-metal-series/libopencm3/lib/libopencm3_stm32f4.a(gpio_common_all.o)
 .debug_macro   0x00000000      0x280 ../../bare-metal-series/libopencm3/lib/libopencm3_stm32f4.a(gpio_common_all.o)
 .debug_macro   0x00000000       0x76 ../../bare-metal-series/libopencm3/lib/libopencm3_stm32f4.a(gpio_common_all.o)
 .debug_macro   0x00000000      0x37e ../../bare-metal-series/libopencm3/lib/libopencm3_stm32f4.a(gpio_common_all.o)
 .debug_macro   0x00000000       0xca ../../bare-metal-series/libopencm3/lib/libopencm3_stm32f4.a(gpio_common_all.o)
 .group         0x00000000        0xc ../../bare-metal-series/libopencm3/lib/libopencm3_stm32f4.a(gpio_common_f0234.o)
 .group         0x00000000        0xc ../../bare-metal-series/libopencm3/lib/libopencm3_stm32f4.a(gpio_common_f0234.o)
 .group         0x00000000        0xc ../../bare-metal-series/libopencm3/lib/libopencm3_stm32f4.a(gpio_common_f0234.o)
 .group         0x00000000        0xc ../../bare-metal-series/libopencm3/lib/libopencm3_stm32f4.a(gpio_common_f0234.o)
 .group         0x00000000        0xc ../../bare-metal-series/libopencm3/lib/libopencm3_stm32f4.a(gpio_common_f0234.o)
 .group         0x00000000        0xc ../../bare-metal-series/libopencm3/lib/libopencm3_stm32f4.a(gpio_common_f0234.o)
 .group         0x00000000        0xc ../../bare-metal-series/libopencm3/lib/libopencm3_stm32f4.a(gpio_common_f0234.o)
 .group         0x00000000        0xc ../../bare-metal-series/libopencm3/lib/libopencm3_stm32f4.a(gpio_common_f0234.o)
 .group         0x00000000        0xc ../../bare-metal-series/libopencm3/lib/libopencm3_stm32f4.a(gpio_common_f0234.o)
 .group         0x00000000        0xc ../../bare-metal-series/libopencm3/lib/libopencm3_stm32f4.a(gpio_common_f0234.o)
 .text          0x00000000        0x0 ../../bare-metal-series/libopencm3/lib/libopencm3_stm32f4.a(gpio_common_f0234.o)
 .data          0x00000000        0x0 ../../bare-metal-series/libopencm3/lib/libopencm3_stm32f4.a(gpio_common_f0234.o)
 .bss           0x00000000        0x0 ../../bare-metal-series/libopencm3/lib/libopencm3_stm32f4.a(gpio_common_f0234.o)
 .text.gpio_set_output_options
                0x00000000       0x36 ../../bare-metal-series/libopencm3/lib/libopencm3_stm32f4.a(gpio_common_f0234.o)
 .text.gpio_set_af
                0x00000000       0x58 ../../bare-metal-series/libopencm3/lib/libopencm3_stm32f4.a(gpio_common_f0234.o)
 .debug_macro   0x00000000      0xacc ../../bare-metal-series/libopencm3/lib/libopencm3_stm32f4.a(gpio_common_f0234.o)
 .debug_macro   0x00000000       0x1c ../../bare-metal-series/libopencm3/lib/libopencm3_stm32f4.a(gpio_common_f0234.o)
 .debug_macro   0x00000000      0x34e ../../bare-metal-series/libopencm3/lib/libopencm3_stm32f4.a(gpio_common_f0234.o)
 .debug_macro   0x00000000       0x22 ../../bare-metal-series/libopencm3/lib/libopencm3_stm32f4.a(gpio_common_f0234.o)
 .debug_macro   0x00000000       0xe8 ../../bare-metal-series/libopencm3/lib/libopencm3_stm32f4.a(gpio_common_f0234.o)
 .debug_macro   0x00000000       0x76 ../../bare-metal-series/libopencm3/lib/libopencm3_stm32f4.a(gpio_common_f0234.o)
 .debug_macro   0x00000000      0x280 ../../bare-metal-series/libopencm3/lib/libopencm3_stm32f4.a(gpio_common_f0234.o)
 .debug_macro   0x00000000       0x76 ../../bare-metal-series/libopencm3/lib/libopencm3_stm32f4.a(gpio_common_f0234.o)
 .debug_macro   0x00000000      0x37e ../../bare-metal-series/libopencm3/lib/libopencm3_stm32f4.a(gpio_common_f0234.o)
 .debug_macro   0x00000000       0xca ../../bare-metal-series/libopencm3/lib/libopencm3_stm32f4.a(gpio_common_f0234.o)
 .group         0x00000000        0xc ../../bare-metal-series/libopencm3/lib/libopencm3_stm32f4.a(rcc_common_all.o)
 .group         0x00000000        0xc ../../bare-metal-series/libopencm3/lib/libopencm3_stm32f4.a(rcc_common_all.o)
 .group         0x00000000        0xc ../../bare-metal-series/libopencm3/lib/libopencm3_stm32f4.a(rcc_common_all.o)
 .group         0x00000000        0xc ../../bare-metal-series/libopencm3/lib/libopencm3_stm32f4.a(rcc_common_all.o)
 .group         0x00000000        0xc ../../bare-metal-series/libopencm3/lib/libopencm3_stm32f4.a(rcc_common_all.o)
 .group         0x00000000        0xc ../../bare-metal-series/libopencm3/lib/libopencm3_stm32f4.a(rcc_common_all.o)
 .group         0x00000000        0xc ../../bare-metal-series/libopencm3/lib/libopencm3_stm32f4.a(rcc_common_all.o)
 .group         0x00000000        0xc ../../bare-metal-series/libopencm3/lib/libopencm3_stm32f4.a(rcc_common_all.o)
 .group         0x00000000        0xc ../../bare-metal-series/libopencm3/lib/libopencm3_stm32f4.a(rcc_common_all.o)
 .group         0x00000000        0xc ../../bare-metal-series/libopencm3/lib/libopencm3_stm32f4.a(rcc_common_all.o)
 .text          0x00000000        0x0 ../../bare-metal-series/libopencm3/lib/libopencm3_stm32f4.a(rcc_common_all.o)
 .data          0x00000000        0x0 ../../bare-metal-series/libopencm3/lib/libopencm3_stm32f4.a(rcc_common_all.o)
 .bss           0x00000000        0x0 ../../bare-metal-series/libopencm3/lib/libopencm3_stm32f4.a(rcc_common_all.o)
 .text.rcc_peripheral_enable_clock
                0x00000000        0x8 ../../bare-metal-series/libopencm3/lib/libopencm3_stm32f4.a(rcc_common_all.o)
 .text.rcc_peripheral_disable_clock
                0x00000000        0xa ../../bare-metal-series/libopencm3/lib/libopencm3_stm32f4.a(rcc_common_all.o)
 .text.rcc_peripheral_reset
                0x00000000        0x8 ../../bare-metal-series/libopencm3/lib/libopencm3_stm32f4.a(rcc_common_all.o)
 .text.rcc_peripheral_clear_reset
                0x00000000        0xa ../../bare-metal-series/libopencm3/lib/libopencm3_stm32f4.a(rcc_common_all.o)
 .text.rcc_periph_clock_disable
                0x00000000       0x1c ../../bare-metal-series/libopencm3/lib/libopencm3_stm32f4.a(rcc_common_all.o)
 .text.rcc_periph_reset_pulse
                0x00000000       0x22 ../../bare-metal-series/libopencm3/lib/libopencm3_stm32f4.a(rcc_common_all.o)
 .text.rcc_periph_reset_hold
                0x00000000        0x4 ../../bare-metal-series/libopencm3/lib/libopencm3_stm32f4.a(rcc_common_all.o)
 .text.rcc_periph_reset_release
                0x00000000        0x4 ../../bare-metal-series/libopencm3/lib/libopencm3_stm32f4.a(rcc_common_all.o)
 .text.rcc_set_mco
                0x00000000       0x18 ../../bare-metal-series/libopencm3/lib/libopencm3_stm32f4.a(rcc_common_all.o)
 .text.rcc_osc_bypass_enable
                0x00000000       0x30 ../../bare-metal-series/libopencm3/lib/libopencm3_stm32f4.a(rcc_common_all.o)
 .text.rcc_osc_bypass_disable
                0x00000000       0x30 ../../bare-metal-series/libopencm3/lib/libopencm3_stm32f4.a(rcc_common_all.o)
 .text.rcc_get_div_from_hpre
                0x00000000       0x18 ../../bare-metal-series/libopencm3/lib/libopencm3_stm32f4.a(rcc_common_all.o)
 .debug_macro   0x00000000      0xacc ../../bare-metal-series/libopencm3/lib/libopencm3_stm32f4.a(rcc_common_all.o)
 .debug_macro   0x00000000       0x1c ../../bare-metal-series/libopencm3/lib/libopencm3_stm32f4.a(rcc_common_all.o)
 .debug_macro   0x00000000      0x34e ../../bare-metal-series/libopencm3/lib/libopencm3_stm32f4.a(rcc_common_all.o)
 .debug_macro   0x00000000       0x22 ../../bare-metal-series/libopencm3/lib/libopencm3_stm32f4.a(rcc_common_all.o)
 .debug_macro   0x00000000       0xe8 ../../bare-metal-series/libopencm3/lib/libopencm3_stm32f4.a(rcc_common_all.o)
 .debug_macro   0x00000000       0x76 ../../bare-metal-series/libopencm3/lib/libopencm3_stm32f4.a(rcc_common_all.o)
 .debug_macro   0x00000000      0x280 ../../bare-metal-series/libopencm3/lib/libopencm3_stm32f4.a(rcc_common_all.o)
 .debug_macro   0x00000000       0x8e ../../bare-metal-series/libopencm3/lib/libopencm3_stm32f4.a(rcc_common_all.o)
 .debug_macro   0x00000000       0x46 ../../bare-metal-series/libopencm3/lib/libopencm3_stm32f4.a(rcc_common_all.o)
 .debug_macro   0x00000000      0xcea ../../bare-metal-series/libopencm3/lib/libopencm3_stm32f4.a(rcc_common_all.o)
 .group         0x00000000        0xc ../../bare-metal-series/libopencm3/lib/libopencm3_stm32f4.a(rcc.o)
 .group         0x00000000        0xc ../../bare-metal-series/libopencm3/lib/libopencm3_stm32f4.a(rcc.o)
 .group         0x00000000        0xc ../../bare-metal-series/libopencm3/lib/libopencm3_stm32f4.a(rcc.o)
 .group         0x00000000        0xc ../../bare-metal-series/libopencm3/lib/libopencm3_stm32f4.a(rcc.o)
 .group         0x00000000        0xc ../../bare-metal-series/libopencm3/lib/libopencm3_stm32f4.a(rcc.o)
 .group         0x00000000        0xc ../../bare-metal-series/libopencm3/lib/libopencm3_stm32f4.a(rcc.o)
 .group         0x00000000        0xc ../../bare-metal-series/libopencm3/lib/libopencm3_stm32f4.a(rcc.o)
 .group         0x00000000        0xc ../../bare-metal-series/libopencm3/lib/libopencm3_stm32f4.a(rcc.o)
 .group         0x00000000        0xc ../../bare-metal-series/libopencm3/lib/libopencm3_stm32f4.a(rcc.o)
 .group         0x00000000        0xc ../../bare-metal-series/libopencm3/lib/libopencm3_stm32f4.a(rcc.o)
 .group         0x00000000        0xc ../../bare-metal-series/libopencm3/lib/libopencm3_stm32f4.a(rcc.o)
 .group         0x00000000        0xc ../../bare-metal-series/libopencm3/lib/libopencm3_stm32f4.a(rcc.o)
 .group         0x00000000        0xc ../../bare-metal-series/libopencm3/lib/libopencm3_stm32f4.a(rcc.o)
 .group         0x00000000        0xc ../../bare-metal-series/libopencm3/lib/libopencm3_stm32f4.a(rcc.o)
 .text          0x00000000        0x0 ../../bare-metal-series/libopencm3/lib/libopencm3_stm32f4.a(rcc.o)
 .data          0x00000000        0x0 ../../bare-metal-series/libopencm3/lib/libopencm3_stm32f4.a(rcc.o)
 .bss           0x00000000        0x0 ../../bare-metal-series/libopencm3/lib/libopencm3_stm32f4.a(rcc.o)
 .text.rcc_osc_ready_int_clear
                0x00000000       0x6c ../../bare-metal-series/libopencm3/lib/libopencm3_stm32f4.a(rcc.o)
 .text.rcc_osc_ready_int_enable
                0x00000000       0x6c ../../bare-metal-series/libopencm3/lib/libopencm3_stm32f4.a(rcc.o)
 .text.rcc_osc_ready_int_disable
                0x00000000       0x6c ../../bare-metal-series/libopencm3/lib/libopencm3_stm32f4.a(rcc.o)
 .text.rcc_osc_ready_int_flag
                0x00000000       0x6c ../../bare-metal-series/libopencm3/lib/libopencm3_stm32f4.a(rcc.o)
 .text.rcc_css_int_clear
                0x00000000       0x14 ../../bare-metal-series/libopencm3/lib/libopencm3_stm32f4.a(rcc.o)
 .text.rcc_css_int_flag
                0x00000000       0x10 ../../bare-metal-series/libopencm3/lib/libopencm3_stm32f4.a(rcc.o)
 .text.rcc_wait_for_sysclk_status
                0x00000000       0x40 ../../bare-metal-series/libopencm3/lib/libopencm3_stm32f4.a(rcc.o)
 .text.rcc_css_enable
                0x00000000       0x14 ../../bare-metal-series/libopencm3/lib/libopencm3_stm32f4.a(rcc.o)
 .text.rcc_css_disable
                0x00000000       0x14 ../../bare-metal-series/libopencm3/lib/libopencm3_stm32f4.a(rcc.o)
 .text.rcc_plli2s_config
                0x00000000       0x1c ../../bare-metal-series/libopencm3/lib/libopencm3_stm32f4.a(rcc.o)
 .text.rcc_pllsai_config
                0x00000000       0x2c ../../bare-metal-series/libopencm3/lib/libopencm3_stm32f4.a(rcc.o)
 .text.rcc_pllsai_postscalers
                0x00000000       0x28 ../../bare-metal-series/libopencm3/lib/libopencm3_stm32f4.a(rcc.o)
 .text.rcc_set_pll_source
                0x00000000       0x18 ../../bare-metal-series/libopencm3/lib/libopencm3_stm32f4.a(rcc.o)
 .text.rcc_set_rtcpre
                0x00000000       0x18 ../../bare-metal-series/libopencm3/lib/libopencm3_stm32f4.a(rcc.o)
 .text.rcc_system_clock_source
                0x00000000       0x10 ../../bare-metal-series/libopencm3/lib/libopencm3_stm32f4.a(rcc.o)
 .text.rcc_clock_setup_hse_3v3
                0x00000000        0x4 ../../bare-metal-series/libopencm3/lib/libopencm3_stm32f4.a(rcc.o)
 .text.rcc_get_usart_clk_freq
                0x00000000       0x20 ../../bare-metal-series/libopencm3/lib/libopencm3_stm32f4.a(rcc.o)
 .text.rcc_get_timer_clk_freq
                0x00000000       0x34 ../../bare-metal-series/libopencm3/lib/libopencm3_stm32f4.a(rcc.o)
 .text.rcc_get_i2c_clk_freq
                0x00000000        0xc ../../bare-metal-series/libopencm3/lib/libopencm3_stm32f4.a(rcc.o)
 .text.rcc_get_spi_clk_freq
                0x00000000       0x20 ../../bare-metal-series/libopencm3/lib/libopencm3_stm32f4.a(rcc.o)
 .rodata.rcc_hse_25mhz_3v3
                0x00000000       0x70 ../../bare-metal-series/libopencm3/lib/libopencm3_stm32f4.a(rcc.o)
 .rodata.rcc_hse_16mhz_3v3
                0x00000000       0x70 ../../bare-metal-series/libopencm3/lib/libopencm3_stm32f4.a(rcc.o)
 .rodata.rcc_hse_12mhz_3v3
                0x00000000       0x70 ../../bare-metal-series/libopencm3/lib/libopencm3_stm32f4.a(rcc.o)
 .rodata.rcc_hse_8mhz_3v3
                0x00000000       0x70 ../../bare-metal-series/libopencm3/lib/libopencm3_stm32f4.a(rcc.o)
 .debug_macro   0x00000000      0xacc ../../bare-metal-series/libopencm3/lib/libopencm3_stm32f4.a(rcc.o)
 .debug_macro   0x00000000       0x1c ../../bare-metal-series/libopencm3/lib/libopencm3_stm32f4.a(rcc.o)
 .debug_macro   0x00000000      0x34e ../../bare-metal-series/libopencm3/lib/libopencm3_stm32f4.a(rcc.o)
 .debug_macro   0x00000000       0x22 ../../bare-metal-series/libopencm3/lib/libopencm3_stm32f4.a(rcc.o)
 .debug_macro   0x00000000       0xe8 ../../bare-metal-series/libopencm3/lib/libopencm3_stm32f4.a(rcc.o)
 .debug_macro   0x00000000       0x76 ../../bare-metal-series/libopencm3/lib/libopencm3_stm32f4.a(rcc.o)
 .debug_macro   0x00000000      0x280 ../../bare-metal-series/libopencm3/lib/libopencm3_stm32f4.a(rcc.o)
 .debug_macro   0x00000000       0x8e ../../bare-metal-series/libopencm3/lib/libopencm3_stm32f4.a(rcc.o)
 .debug_macro   0x00000000       0x46 ../../bare-metal-series/libopencm3/lib/libopencm3_stm32f4.a(rcc.o)
 .debug_macro   0x00000000      0xcea ../../bare-metal-series/libopencm3/lib/libopencm3_stm32f4.a(rcc.o)
 .group         0x00000000        0xc ../../bare-metal-series/libopencm3/lib/libopencm3_stm32f4.a(vector.o)
 .group         0x00000000        0xc ../../bare-metal-series/libopencm3/lib/libopencm3_stm32f4.a(vector.o)
 .group         0x00000000        0xc ../../bare-metal-series/libopencm3/lib/libopencm3_stm32f4.a(vector.o)
 .group         0x00000000        0xc ../../bare-metal-series/libopencm3/lib/libopencm3_stm32f4.a(vector.o)
 .group         0x00000000        0xc ../../bare-metal-series/libopencm3/lib/libopencm3_stm32f4.a(vector.o)
 .group         0x00000000        0xc ../../bare-metal-series/libopencm3/lib/libopencm3_stm32f4.a(vector.o)
 .group         0x00000000        0xc ../../bare-metal-series/libopencm3/lib/libopencm3_stm32f4.a(vector.o)
 .group         0x00000000        0xc ../../bare-metal-series/libopencm3/lib/libopencm3_stm32f4.a(vector.o)
 .group         0x00000000        0xc ../../bare-metal-series/libopencm3/lib/libopencm3_stm32f4.a(vector.o)
 .text          0x00000000        0x0 ../../bare-metal-series/libopencm3/lib/libopencm3_stm32f4.a(vector.o)
 .data          0x00000000        0x0 ../../bare-metal-series/libopencm3/lib/libopencm3_stm32f4.a(vector.o)
 .bss           0x00000000        0x0 ../../bare-metal-series/libopencm3/lib/libopencm3_stm32f4.a(vector.o)
 .debug_macro   0x00000000      0xacc ../../bare-metal-series/libopencm3/lib/libopencm3_stm32f4.a(vector.o)
 .debug_macro   0x00000000       0x76 ../../bare-metal-series/libopencm3/lib/libopencm3_stm32f4.a(vector.o)
 .debug_macro   0x00000000       0x1c ../../bare-metal-series/libopencm3/lib/libopencm3_stm32f4.a(vector.o)
 .debug_macro   0x00000000      0x34e ../../bare-metal-series/libopencm3/lib/libopencm3_stm32f4.a(vector.o)
 .debug_macro   0x00000000       0x22 ../../bare-metal-series/libopencm3/lib/libopencm3_stm32f4.a(vector.o)
 .debug_macro   0x00000000       0xe8 ../../bare-metal-series/libopencm3/lib/libopencm3_stm32f4.a(vector.o)
 .group         0x00000000        0xc ../../bare-metal-series/libopencm3/lib/libopencm3_stm32f4.a(flash_common_all.o)
 .group         0x00000000        0xc ../../bare-metal-series/libopencm3/lib/libopencm3_stm32f4.a(flash_common_all.o)
 .group         0x00000000        0xc ../../bare-metal-series/libopencm3/lib/libopencm3_stm32f4.a(flash_common_all.o)
 .group         0x00000000        0xc ../../bare-metal-series/libopencm3/lib/libopencm3_stm32f4.a(flash_common_all.o)
 .group         0x00000000        0xc ../../bare-metal-series/libopencm3/lib/libopencm3_stm32f4.a(flash_common_all.o)
 .group         0x00000000        0xc ../../bare-metal-series/libopencm3/lib/libopencm3_stm32f4.a(flash_common_all.o)
 .group         0x00000000        0xc ../../bare-metal-series/libopencm3/lib/libopencm3_stm32f4.a(flash_common_all.o)
 .group         0x00000000        0xc ../../bare-metal-series/libopencm3/lib/libopencm3_stm32f4.a(flash_common_all.o)
 .group         0x00000000        0xc ../../bare-metal-series/libopencm3/lib/libopencm3_stm32f4.a(flash_common_all.o)
 .group         0x00000000        0xc ../../bare-metal-series/libopencm3/lib/libopencm3_stm32f4.a(flash_common_all.o)
 .text          0x00000000        0x0 ../../bare-metal-series/libopencm3/lib/libopencm3_stm32f4.a(flash_common_all.o)
 .data          0x00000000        0x0 ../../bare-metal-series/libopencm3/lib/libopencm3_stm32f4.a(flash_common_all.o)
 .bss           0x00000000        0x0 ../../bare-metal-series/libopencm3/lib/libopencm3_stm32f4.a(flash_common_all.o)
 .text.flash_prefetch_enable
                0x00000000       0x14 ../../bare-metal-series/libopencm3/lib/libopencm3_stm32f4.a(flash_common_all.o)
 .text.flash_prefetch_disable
                0x00000000       0x14 ../../bare-metal-series/libopencm3/lib/libopencm3_stm32f4.a(flash_common_all.o)
 .text.flash_unlock_option_bytes
                0x00000000       0x1c ../../bare-metal-series/libopencm3/lib/libopencm3_stm32f4.a(flash_common_all.o)
 .debug_macro   0x00000000      0xacc ../../bare-metal-series/libopencm3/lib/libopencm3_stm32f4.a(flash_common_all.o)
 .debug_macro   0x00000000       0x1c ../../bare-metal-series/libopencm3/lib/libopencm3_stm32f4.a(flash_common_all.o)
 .debug_macro   0x00000000      0x34e ../../bare-metal-series/libopencm3/lib/libopencm3_stm32f4.a(flash_common_all.o)
 .debug_macro   0x00000000       0x22 ../../bare-metal-series/libopencm3/lib/libopencm3_stm32f4.a(flash_common_all.o)
 .debug_macro   0x00000000       0xe8 ../../bare-metal-series/libopencm3/lib/libopencm3_stm32f4.a(flash_common_all.o)
 .debug_macro   0x00000000       0x76 ../../bare-metal-series/libopencm3/lib/libopencm3_stm32f4.a(flash_common_all.o)
 .debug_macro   0x00000000      0x280 ../../bare-metal-series/libopencm3/lib/libopencm3_stm32f4.a(flash_common_all.o)
 .debug_macro   0x00000000       0x1c ../../bare-metal-series/libopencm3/lib/libopencm3_stm32f4.a(flash_common_all.o)
 .debug_macro   0x00000000      0x143 ../../bare-metal-series/libopencm3/lib/libopencm3_stm32f4.a(flash_common_all.o)
 .debug_macro   0x00000000       0x10 ../../bare-metal-series/libopencm3/lib/libopencm3_stm32f4.a(flash_common_all.o)
 .group         0x00000000        0xc ../../bare-metal-series/libopencm3/lib/libopencm3_stm32f4.a(flash_common_idcache.o)
 .group         0x00000000        0xc ../../bare-metal-series/libopencm3/lib/libopencm3_stm32f4.a(flash_common_idcache.o)
 .group         0x00000000        0xc ../../bare-metal-series/libopencm3/lib/libopencm3_stm32f4.a(flash_common_idcache.o)
 .group         0x00000000        0xc ../../bare-metal-series/libopencm3/lib/libopencm3_stm32f4.a(flash_common_idcache.o)
 .group         0x00000000        0xc ../../bare-metal-series/libopencm3/lib/libopencm3_stm32f4.a(flash_common_idcache.o)
 .group         0x00000000        0xc ../../bare-metal-series/libopencm3/lib/libopencm3_stm32f4.a(flash_common_idcache.o)
 .group         0x00000000        0xc ../../bare-metal-series/libopencm3/lib/libopencm3_stm32f4.a(flash_common_idcache.o)
 .group         0x00000000        0xc ../../bare-metal-series/libopencm3/lib/libopencm3_stm32f4.a(flash_common_idcache.o)
 .group         0x00000000        0xc ../../bare-metal-series/libopencm3/lib/libopencm3_stm32f4.a(flash_common_idcache.o)
 .group         0x00000000        0xc ../../bare-metal-series/libopencm3/lib/libopencm3_stm32f4.a(flash_common_idcache.o)
 .text          0x00000000        0x0 ../../bare-metal-series/libopencm3/lib/libopencm3_stm32f4.a(flash_common_idcache.o)
 .data          0x00000000        0x0 ../../bare-metal-series/libopencm3/lib/libopencm3_stm32f4.a(flash_common_idcache.o)
 .bss           0x00000000        0x0 ../../bare-metal-series/libopencm3/lib/libopencm3_stm32f4.a(flash_common_idcache.o)
 .text.flash_dcache_reset
                0x00000000       0x14 ../../bare-metal-series/libopencm3/lib/libopencm3_stm32f4.a(flash_common_idcache.o)
 .text.flash_icache_reset
                0x00000000       0x14 ../../bare-metal-series/libopencm3/lib/libopencm3_stm32f4.a(flash_common_idcache.o)
 .debug_macro   0x00000000      0xacc ../../bare-metal-series/libopencm3/lib/libopencm3_stm32f4.a(flash_common_idcache.o)
 .debug_macro   0x00000000       0x1c ../../bare-metal-series/libopencm3/lib/libopencm3_stm32f4.a(flash_common_idcache.o)
 .debug_macro   0x00000000      0x34e ../../bare-metal-series/libopencm3/lib/libopencm3_stm32f4.a(flash_common_idcache.o)
 .debug_macro   0x00000000       0x22 ../../bare-metal-series/libopencm3/lib/libopencm3_stm32f4.a(flash_common_idcache.o)
 .debug_macro   0x00000000       0xe8 ../../bare-metal-series/libopencm3/lib/libopencm3_stm32f4.a(flash_common_idcache.o)
 .debug_macro   0x00000000       0x76 ../../bare-metal-series/libopencm3/lib/libopencm3_stm32f4.a(flash_common_idcache.o)
 .debug_macro   0x00000000      0x280 ../../bare-metal-series/libopencm3/lib/libopencm3_stm32f4.a(flash_common_idcache.o)
 .debug_macro   0x00000000       0x1c ../../bare-metal-series/libopencm3/lib/libopencm3_stm32f4.a(flash_common_idcache.o)
 .debug_macro   0x00000000      0x143 ../../bare-metal-series/libopencm3/lib/libopencm3_stm32f4.a(flash_common_idcache.o)
 .debug_macro   0x00000000       0x10 ../../bare-metal-series/libopencm3/lib/libopencm3_stm32f4.a(flash_common_idcache.o)
 .group         0x00000000        0xc ../../bare-metal-series/libopencm3/lib/libopencm3_stm32f4.a(pwr.o)
 .group         0x00000000        0xc ../../bare-metal-series/libopencm3/lib/libopencm3_stm32f4.a(pwr.o)
 .group         0x00000000        0xc ../../bare-metal-series/libopencm3/lib/libopencm3_stm32f4.a(pwr.o)
 .group         0x00000000        0xc ../../bare-metal-series/libopencm3/lib/libopencm3_stm32f4.a(pwr.o)
 .group         0x00000000        0xc ../../bare-metal-series/libopencm3/lib/libopencm3_stm32f4.a(pwr.o)
 .group         0x00000000        0xc ../../bare-metal-series/libopencm3/lib/libopencm3_stm32f4.a(pwr.o)
 .group         0x00000000        0xc ../../bare-metal-series/libopencm3/lib/libopencm3_stm32f4.a(pwr.o)
 .group         0x00000000        0xc ../../bare-metal-series/libopencm3/lib/libopencm3_stm32f4.a(pwr.o)
 .group         0x00000000        0xc ../../bare-metal-series/libopencm3/lib/libopencm3_stm32f4.a(pwr.o)
 .text          0x00000000        0x0 ../../bare-metal-series/libopencm3/lib/libopencm3_stm32f4.a(pwr.o)
 .data          0x00000000        0x0 ../../bare-metal-series/libopencm3/lib/libopencm3_stm32f4.a(pwr.o)
 .bss           0x00000000        0x0 ../../bare-metal-series/libopencm3/lib/libopencm3_stm32f4.a(pwr.o)
 .debug_macro   0x00000000      0xacc ../../bare-metal-series/libopencm3/lib/libopencm3_stm32f4.a(pwr.o)
 .debug_macro   0x00000000       0x1c ../../bare-metal-series/libopencm3/lib/libopencm3_stm32f4.a(pwr.o)
 .debug_macro   0x00000000      0x34e ../../bare-metal-series/libopencm3/lib/libopencm3_stm32f4.a(pwr.o)
 .debug_macro   0x00000000       0x22 ../../bare-metal-series/libopencm3/lib/libopencm3_stm32f4.a(pwr.o)
 .debug_macro   0x00000000       0xe8 ../../bare-metal-series/libopencm3/lib/libopencm3_stm32f4.a(pwr.o)
 .debug_macro   0x00000000       0x76 ../../bare-metal-series/libopencm3/lib/libopencm3_stm32f4.a(pwr.o)
 .debug_macro   0x00000000      0x280 ../../bare-metal-series/libopencm3/lib/libopencm3_stm32f4.a(pwr.o)
 .debug_macro   0x00000000       0x8e ../../bare-metal-series/libopencm3/lib/libopencm3_stm32f4.a(pwr.o)
 .debug_macro   0x00000000       0x46 ../../bare-metal-series/libopencm3/lib/libopencm3_stm32f4.a(pwr.o)

Memory Configuration

Name             Origin             Length             Attributes
rom              0x08000000         0x00080000         xr
ram              0x20000000         0x00020000         xrw
*default*        0x00000000         0xffffffff

Linker script and memory map

LOAD src/main.o
LOAD ../../bare-metal-series/libopencm3/lib/libopencm3_stm32f4.a
START GROUP
LOAD /usr/lib/gcc/arm-none-eabi/13.2.1/../../../arm-none-eabi/lib/thumb/v7e-m+fp/hard/libc.a
LOAD /usr/lib/gcc/arm-none-eabi/13.2.1/thumb/v7e-m+fp/hard/libgcc.a
LOAD /usr/lib/gcc/arm-none-eabi/13.2.1/../../../arm-none-eabi/lib/thumb/v7e-m+fp/hard/libnosys.a
END GROUP
START GROUP
LOAD /usr/lib/gcc/arm-none-eabi/13.2.1/thumb/v7e-m+fp/hard/libgcc.a
LOAD /usr/lib/gcc/arm-none-eabi/13.2.1/../../../arm-none-eabi/lib/thumb/v7e-m+fp/hard/libg.a
LOAD /usr/lib/gcc/arm-none-eabi/13.2.1/../../../arm-none-eabi/lib/thumb/v7e-m+fp/hard/libc.a
END GROUP

.text           0x08000000      0x70c
 *(.bootloader_section)
 *(.vectors)
 .vectors       0x08000000      0x1ac ../../bare-metal-series/libopencm3/lib/libopencm3_stm32f4.a(vector.o)
                0x08000000                vector_table
                0x080001b0                        . = ALIGN (0x10)
 *fill*         0x080001ac        0x4 
 *(.firmware_info)
 *(.firmware_signature)
 *(.text*)
 .text.startup.main
                0x080001b0       0x3c src/main.o
                0x080001b0                main
 .text.gpio_toggle
                0x080001ec       0x12 ../../bare-metal-series/libopencm3/lib/libopencm3_stm32f4.a(gpio_common_all.o)
                0x080001ec                gpio_toggle
 .text.gpio_mode_setup
                0x080001fe       0x40 ../../bare-metal-series/libopencm3/lib/libopencm3_stm32f4.a(gpio_common_f0234.o)
                0x080001fe                gpio_mode_setup
 .text.rcc_periph_clock_enable
                0x0800023e       0x1a ../../bare-metal-series/libopencm3/lib/libopencm3_stm32f4.a(rcc_common_all.o)
                0x0800023e                rcc_periph_clock_enable
 .text.rcc_is_osc_ready
                0x08000258       0x64 ../../bare-metal-series/libopencm3/lib/libopencm3_stm32f4.a(rcc.o)
                0x08000258                rcc_is_osc_ready
 .text.rcc_wait_for_osc_ready
                0x080002bc       0x10 ../../bare-metal-series/libopencm3/lib/libopencm3_stm32f4.a(rcc.o)
                0x080002bc                rcc_wait_for_osc_ready
 .text.rcc_osc_on
                0x080002cc       0x74 ../../bare-metal-series/libopencm3/lib/libopencm3_stm32f4.a(rcc.o)
                0x080002cc                rcc_osc_on
 .text.rcc_osc_off
                0x08000340       0x74 ../../bare-metal-series/libopencm3/lib/libopencm3_stm32f4.a(rcc.o)
                0x08000340                rcc_osc_off
 .text.rcc_set_sysclk_source
                0x080003b4       0x18 ../../bare-metal-series/libopencm3/lib/libopencm3_stm32f4.a(rcc.o)
                0x080003b4                rcc_set_sysclk_source
 .text.rcc_set_ppre2
                0x080003cc       0x18 ../../bare-metal-series/libopencm3/lib/libopencm3_stm32f4.a(rcc.o)
                0x080003cc                rcc_set_ppre2
 .text.rcc_set_ppre1
                0x080003e4       0x18 ../../bare-metal-series/libopencm3/lib/libopencm3_stm32f4.a(rcc.o)
                0x080003e4                rcc_set_ppre1
 .text.rcc_set_hpre
                0x080003fc       0x18 ../../bare-metal-series/libopencm3/lib/libopencm3_stm32f4.a(rcc.o)
                0x080003fc                rcc_set_hpre
 .text.rcc_set_main_pll_hsi
                0x08000414       0x44 ../../bare-metal-series/libopencm3/lib/libopencm3_stm32f4.a(rcc.o)
                0x08000414                rcc_set_main_pll_hsi
 .text.rcc_set_main_pll_hse
                0x08000458       0x44 ../../bare-metal-series/libopencm3/lib/libopencm3_stm32f4.a(rcc.o)
                0x08000458                rcc_set_main_pll_hse
 .text.rcc_clock_setup_pll
                0x0800049c       0xe4 ../../bare-metal-series/libopencm3/lib/libopencm3_stm32f4.a(rcc.o)
                0x0800049c                rcc_clock_setup_pll
 .text.blocking_handler
                0x08000580        0x2 ../../bare-metal-series/libopencm3/lib/libopencm3_stm32f4.a(vector.o)
                0x08000580                dma2_stream1_isr
                0x08000580                tim8_brk_tim12_isr
                0x08000580                dma1_stream7_isr
                0x08000580                usart3_isr
                0x08000580                tim7_isr
                0x08000580                dma2d_isr
                0x08000580                uart8_isr
                0x08000580                dma1_stream2_isr
                0x08000580                otg_hs_isr
                0x08000580                blocking_handler
                0x08000580                tim5_isr
                0x08000580                rtc_wkup_isr
                0x08000580                otg_fs_isr
                0x08000580                spi1_isr
                0x08000580                i2c3_er_isr
                0x08000580                exti2_isr
                0x08000580                spi5_isr
                0x08000580                usb_fs_wkup_isr
                0x08000580                tamp_stamp_isr
                0x08000580                can1_rx1_isr
                0x08000580                dma2_stream0_isr
                0x08000580                usart1_isr
                0x08000580                i2c3_ev_isr
                0x08000580                usage_fault_handler
                0x08000580                can2_rx0_isr
                0x08000580                dma1_stream6_isr
                0x08000580                can2_rx1_isr
                0x08000580                can1_sce_isr
                0x08000580                tim1_cc_isr
                0x08000580                can1_tx_isr
                0x08000580                tim1_up_tim10_isr
                0x08000580                sdio_isr
                0x08000580                eth_isr
                0x08000580                spi6_isr
                0x08000580                dma2_stream5_isr
                0x08000580                pvd_isr
                0x08000580                can1_rx0_isr
                0x08000580                rcc_isr
                0x08000580                dma2_stream3_isr
                0x08000580                flash_isr
                0x08000580                uart4_isr
                0x08000580                lcd_tft_isr
                0x08000580                rtc_alarm_isr
                0x08000580                exti15_10_isr
                0x08000580                hash_rng_isr
                0x08000580                tim1_trg_com_tim11_isr
                0x08000580                hard_fault_handler
                0x08000580                exti1_isr
                0x08000580                i2c1_ev_isr
                0x08000580                usart6_isr
                0x08000580                spi2_isr
                0x08000580                cryp_isr
                0x08000580                nvic_wwdg_isr
                0x08000580                dma1_stream1_isr
                0x08000580                dma2_stream4_isr
                0x08000580                exti3_isr
                0x08000580                tim3_isr
                0x08000580                usart2_isr
                0x08000580                sai1_isr
                0x08000580                fpu_isr
                0x08000580                dma1_stream4_isr
                0x08000580                i2c2_er_isr
                0x08000580                i2c2_ev_isr
                0x08000580                uart5_isr
                0x08000580                dma2_stream6_isr
                0x08000580                spi4_isr
                0x08000580                adc_isr
                0x08000580                dma2_stream7_isr
                0x08000580                tim8_up_tim13_isr
                0x08000580                fsmc_isr
                0x08000580                exti4_isr
                0x08000580                tim6_dac_isr
                0x08000580                dma1_stream3_isr
                0x08000580                tim8_trg_com_tim14_isr
                0x08000580                mem_manage_handler
                0x08000580                lcd_tft_err_isr
                0x08000580                can2_tx_isr
                0x08000580                exti9_5_isr
                0x08000580                tim1_brk_tim9_isr
                0x08000580                uart7_isr
                0x08000580                can2_sce_isr
                0x08000580                tim4_isr
                0x08000580                otg_hs_wkup_isr
                0x08000580                i2c1_er_isr
                0x08000580                dma1_stream0_isr
                0x08000580                tim8_cc_isr
                0x08000580                dcmi_isr
                0x08000580                dma2_stream2_isr
                0x08000580                eth_wkup_isr
                0x08000580                bus_fault_handler
                0x08000580                otg_hs_ep1_out_isr
                0x08000580                spi3_isr
                0x08000580                dma1_stream5_isr
                0x08000580                otg_hs_ep1_in_isr
                0x08000580                tim2_isr
                0x08000580                exti0_isr
 .text.null_handler
                0x08000582        0x2 ../../bare-metal-series/libopencm3/lib/libopencm3_stm32f4.a(vector.o)
                0x08000582                null_handler
                0x08000582                sv_call_handler
                0x08000582                pend_sv_handler
                0x08000582                debug_monitor_handler
                0x08000582                sys_tick_handler
                0x08000582                nmi_handler
 .text.reset_handler
                0x08000584       0xa0 ../../bare-metal-series/libopencm3/lib/libopencm3_stm32f4.a(vector.o)
                0x08000584                reset_handler
 .text.flash_set_ws
                0x08000624       0x18 ../../bare-metal-series/libopencm3/lib/libopencm3_stm32f4.a(flash_common_all.o)
                0x08000624                flash_set_ws
 .text.flash_dcache_enable
                0x0800063c       0x14 ../../bare-metal-series/libopencm3/lib/libopencm3_stm32f4.a(flash_common_idcache.o)
                0x0800063c                flash_dcache_enable
 .text.flash_dcache_disable
                0x08000650       0x14 ../../bare-metal-series/libopencm3/lib/libopencm3_stm32f4.a(flash_common_idcache.o)
                0x08000650                flash_dcache_disable
 .text.flash_icache_enable
                0x08000664       0x14 ../../bare-metal-series/libopencm3/lib/libopencm3_stm32f4.a(flash_common_idcache.o)
                0x08000664                flash_icache_enable
 .text.flash_icache_disable
                0x08000678       0x14 ../../bare-metal-series/libopencm3/lib/libopencm3_stm32f4.a(flash_common_idcache.o)
                0x08000678                flash_icache_disable
 .text.pwr_set_vos_scale
                0x0800068c       0x10 ../../bare-metal-series/libopencm3/lib/libopencm3_stm32f4.a(pwr.o)
                0x0800068c                pwr_set_vos_scale
                0x0800069c                        . = ALIGN (0x4)
 *(.rodata*)
 .rodata.rcc_hsi_configs
                0x0800069c       0x70 ../../bare-metal-series/libopencm3/lib/libopencm3_stm32f4.a(rcc.o)
                0x0800069c                rcc_hsi_configs
                0x0800070c                        . = ALIGN (0x4)

.glue_7         0x0800070c        0x0
 .glue_7        0x0800070c        0x0 linker stubs

.glue_7t        0x0800070c        0x0
 .glue_7t       0x0800070c        0x0 linker stubs

.vfp11_veneer   0x0800070c        0x0
 .vfp11_veneer  0x0800070c        0x0 linker stubs

.v4_bx          0x0800070c        0x0
 .v4_bx         0x0800070c        0x0 linker stubs

.iplt           0x0800070c        0x0
 .iplt          0x0800070c        0x0 src/main.o

.rel.dyn        0x0800070c        0x0
 .rel.iplt      0x0800070c        0x0 src/main.o

.preinit_array  0x0800070c        0x0
                0x0800070c                        . = ALIGN (0x4)
                0x0800070c                        __preinit_array_start = .
 *(.preinit_array)
                0x0800070c                        __preinit_array_end = .

.init_array     0x0800070c        0x0
                0x0800070c                        . = ALIGN (0x4)
                0x0800070c                        __init_array_start = .
 *(SORT_BY_NAME(.init_array.*))
 *(.init_array)
                0x0800070c                        __init_array_end = .

.fini_array     0x0800070c        0x0
                0x0800070c                        . = ALIGN (0x4)
                0x0800070c                        __fini_array_start = .
 *(.fini_array)
 *(SORT_BY_NAME(.fini_array.*))
                0x0800070c                        __fini_array_end = .

.ARM.extab
 *(.ARM.extab*)

.ARM.exidx      0x0800070c        0x0
                0x0800070c                        __exidx_start = .
 *(.ARM.exidx*)
                0x0800070c                        __exidx_end = .
                0x0800070c                        . = ALIGN (0x4)
                0x0800070c                        _etext = .

.noinit
 *(.noinit*)
                0x0800070c                        . = ALIGN (0x4)

.data           0x20000000        0xc load address 0x0800070c
                0x20000000                        _data = .
 *(.data*)
 .data.rcc_apb2_frequency
                0x20000000        0x4 ../../bare-metal-series/libopencm3/lib/libopencm3_stm32f4.a(rcc.o)
                0x20000000                rcc_apb2_frequency
 .data.rcc_apb1_frequency
                0x20000004        0x4 ../../bare-metal-series/libopencm3/lib/libopencm3_stm32f4.a(rcc.o)
                0x20000004                rcc_apb1_frequency
 .data.rcc_ahb_frequency
                0x20000008        0x4 ../../bare-metal-series/libopencm3/lib/libopencm3_stm32f4.a(rcc.o)
                0x20000008                rcc_ahb_frequency
 *(.ramtext*)
                0x2000000c                        . = ALIGN (0x4)
                0x2000000c                        _edata = .
                0x0800070c                        _data_loadaddr = LOADADDR (.data)

.igot.plt       0x2000000c        0x0 load address 0x08000718
 .igot.plt      0x2000000c        0x0 src/main.o

.bss            0x2000000c        0x0 load address 0x08000718
 *(.bss*)
 *(COMMON)
                0x2000000c                        . = ALIGN (0x4)
                0x2000000c                        _ebss = .

/DISCARD/
 *(.eh_frame)
                0x2000000c                        . = ALIGN (0x4)
                0x2000000c                        end = .
                0x20020000                        PROVIDE (_stack = (ORIGIN (ram) + LENGTH (ram)))
OUTPUT(main.elf elf32-littlearm)
LOAD linker stubs

.debug_info     0x00000000     0x2997
 .debug_info    0x00000000      0x77e src/main.o
 .debug_info    0x0000077e      0x23a ../../bare-metal-series/libopencm3/lib/libopencm3_stm32f4.a(gpio_common_all.o)
 .debug_info    0x000009b8      0x1f4 ../../bare-metal-series/libopencm3/lib/libopencm3_stm32f4.a(gpio_common_f0234.o)
 .debug_info    0x00000bac      0x90b ../../bare-metal-series/libopencm3/lib/libopencm3_stm32f4.a(rcc_common_all.o)
 .debug_info    0x000014b7      0xf7a ../../bare-metal-series/libopencm3/lib/libopencm3_stm32f4.a(rcc.o)
 .debug_info    0x00002431      0x2cd ../../bare-metal-series/libopencm3/lib/libopencm3_stm32f4.a(vector.o)
 .debug_info    0x000026fe       0xe5 ../../bare-metal-series/libopencm3/lib/libopencm3_stm32f4.a(flash_common_all.o)
 .debug_info    0x000027e3       0xdd ../../bare-metal-series/libopencm3/lib/libopencm3_stm32f4.a(flash_common_idcache.o)
 .debug_info    0x000028c0       0xd7 ../../bare-metal-series/libopencm3/lib/libopencm3_stm32f4.a(pwr.o)

.debug_abbrev   0x00000000      0xafd
 .debug_abbrev  0x00000000      0x1e0 src/main.o
 .debug_abbrev  0x000001e0      0x117 ../../bare-metal-series/libopencm3/lib/libopencm3_stm32f4.a(gpio_common_all.o)
 .debug_abbrev  0x000002f7       0xc3 ../../bare-metal-series/libopencm3/lib/libopencm3_stm32f4.a(gpio_common_f0234.o)
 .debug_abbrev  0x000003ba      0x186 ../../bare-metal-series/libopencm3/lib/libopencm3_stm32f4.a(rcc_common_all.o)
 .debug_abbrev  0x00000540      0x2db ../../bare-metal-series/libopencm3/lib/libopencm3_stm32f4.a(rcc.o)
 .debug_abbrev  0x0000081b      0x15f ../../bare-metal-series/libopencm3/lib/libopencm3_stm32f4.a(vector.o)
 .debug_abbrev  0x0000097a       0x96 ../../bare-metal-series/libopencm3/lib/libopencm3_stm32f4.a(flash_common_all.o)
 .debug_abbrev  0x00000a10       0x56 ../../bare-metal-series/libopencm3/lib/libopencm3_stm32f4.a(flash_common_idcache.o)
 .debug_abbrev  0x00000a66       0x97 ../../bare-metal-series/libopencm3/lib/libopencm3_stm32f4.a(pwr.o)

.debug_loclists
                0x00000000      0x880
 .debug_loclists
                0x00000000       0x47 src/main.o
 .debug_loclists
                0x00000047       0x96 ../../bare-metal-series/libopencm3/lib/libopencm3_stm32f4.a(gpio_common_all.o)
 .debug_loclists
                0x000000dd       0xf9 ../../bare-metal-series/libopencm3/lib/libopencm3_stm32f4.a(gpio_common_f0234.o)
 .debug_loclists
                0x000001d6       0x87 ../../bare-metal-series/libopencm3/lib/libopencm3_stm32f4.a(rcc_common_all.o)
 .debug_loclists
                0x0000025d      0x52f ../../bare-metal-series/libopencm3/lib/libopencm3_stm32f4.a(rcc.o)
 .debug_loclists
                0x0000078c       0xb6 ../../bare-metal-series/libopencm3/lib/libopencm3_stm32f4.a(vector.o)
 .debug_loclists
                0x00000842       0x17 ../../bare-metal-series/libopencm3/lib/libopencm3_stm32f4.a(flash_common_all.o)
 .debug_loclists
                0x00000859       0x27 ../../bare-metal-series/libopencm3/lib/libopencm3_stm32f4.a(pwr.o)

.debug_aranges  0x00000000      0x300
 .debug_aranges
                0x00000000       0x20 src/main.o
 .debug_aranges
                0x00000020       0x50 ../../bare-metal-series/libopencm3/lib/libopencm3_stm32f4.a(gpio_common_all.o)
 .debug_aranges
                0x00000070       0x30 ../../bare-metal-series/libopencm3/lib/libopencm3_stm32f4.a(gpio_common_f0234.o)
 .debug_aranges
                0x000000a0       0x80 ../../bare-metal-series/libopencm3/lib/libopencm3_stm32f4.a(rcc_common_all.o)
 .debug_aranges
                0x00000120      0x110 ../../bare-metal-series/libopencm3/lib/libopencm3_stm32f4.a(rcc.o)
 .debug_aranges
                0x00000230       0x30 ../../bare-metal-series/libopencm3/lib/libopencm3_stm32f4.a(vector.o)
 .debug_aranges
                0x00000260       0x38 ../../bare-metal-series/libopencm3/lib/libopencm3_stm32f4.a(flash_common_all.o)
 .debug_aranges
                0x00000298       0x48 ../../bare-metal-series/libopencm3/lib/libopencm3_stm32f4.a(flash_common_idcache.o)
 .debug_aranges
                0x000002e0       0x20 ../../bare-metal-series/libopencm3/lib/libopencm3_stm32f4.a(pwr.o)

.debug_rnglists
                0x00000000      0x248
 .debug_rnglists
                0x00000000       0x2e src/main.o
 .debug_rnglists
                0x0000002e       0x37 ../../bare-metal-series/libopencm3/lib/libopencm3_stm32f4.a(gpio_common_all.o)
 .debug_rnglists
                0x00000065       0x1f ../../bare-metal-series/libopencm3/lib/libopencm3_stm32f4.a(gpio_common_f0234.o)
 .debug_rnglists
                0x00000084       0x5b ../../bare-metal-series/libopencm3/lib/libopencm3_stm32f4.a(rcc_common_all.o)
 .debug_rnglists
                0x000000df       0xe0 ../../bare-metal-series/libopencm3/lib/libopencm3_stm32f4.a(rcc.o)
 .debug_rnglists
                0x000001bf       0x20 ../../bare-metal-series/libopencm3/lib/libopencm3_stm32f4.a(vector.o)
 .debug_rnglists
                0x000001df       0x25 ../../bare-metal-series/libopencm3/lib/libopencm3_stm32f4.a(flash_common_all.o)
 .debug_rnglists
                0x00000204       0x31 ../../bare-metal-series/libopencm3/lib/libopencm3_stm32f4.a(flash_common_idcache.o)
 .debug_rnglists
                0x00000235       0x13 ../../bare-metal-series/libopencm3/lib/libopencm3_stm32f4.a(pwr.o)

.debug_macro    0x00000000     0x3298
 .debug_macro   0x00000000       0xce src/main.o
 .debug_macro   0x000000ce      0xacc src/main.o
 .debug_macro   0x00000b9a       0x1c src/main.o
 .debug_macro   0x00000bb6      0x34e src/main.o
 .debug_macro   0x00000f04       0x22 src/main.o
 .debug_macro   0x00000f26       0xe8 src/main.o
 .debug_macro   0x0000100e       0x76 src/main.o
 .debug_macro   0x00001084      0x280 src/main.o
 .debug_macro   0x00001304       0x8e src/main.o
 .debug_macro   0x00001392       0x46 src/main.o
 .debug_macro   0x000013d8      0xcea src/main.o
 .debug_macro   0x000020c2       0x76 src/main.o
 .debug_macro   0x00002138      0x37e src/main.o
 .debug_macro   0x000024b6       0xca src/main.o
 .debug_macro   0x00002580       0x88 ../../bare-metal-series/libopencm3/lib/libopencm3_stm32f4.a(gpio_common_all.o)
 .debug_macro   0x00002608       0x88 ../../bare-metal-series/libopencm3/lib/libopencm3_stm32f4.a(gpio_common_f0234.o)
 .debug_macro   0x00002690       0xa7 ../../bare-metal-series/libopencm3/lib/libopencm3_stm32f4.a(rcc_common_all.o)
 .debug_macro   0x00002737       0xdb ../../bare-metal-series/libopencm3/lib/libopencm3_stm32f4.a(rcc.o)
 .debug_macro   0x00002812       0x16 ../../bare-metal-series/libopencm3/lib/libopencm3_stm32f4.a(rcc.o)
 .debug_macro   0x00002828       0x1c ../../bare-metal-series/libopencm3/lib/libopencm3_stm32f4.a(rcc.o)
 .debug_macro   0x00002844      0x143 ../../bare-metal-series/libopencm3/lib/libopencm3_stm32f4.a(rcc.o)
 .debug_macro   0x00002987       0x10 ../../bare-metal-series/libopencm3/lib/libopencm3_stm32f4.a(rcc.o)
 .debug_macro   0x00002997       0x8a ../../bare-metal-series/libopencm3/lib/libopencm3_stm32f4.a(vector.o)
 .debug_macro   0x00002a21      0x452 ../../bare-metal-series/libopencm3/lib/libopencm3_stm32f4.a(vector.o)
 .debug_macro   0x00002e73       0x6e ../../bare-metal-series/libopencm3/lib/libopencm3_stm32f4.a(vector.o)
 .debug_macro   0x00002ee1      0x22c ../../bare-metal-series/libopencm3/lib/libopencm3_stm32f4.a(vector.o)
 .debug_macro   0x0000310d       0x8e ../../bare-metal-series/libopencm3/lib/libopencm3_stm32f4.a(flash_common_all.o)
 .debug_macro   0x0000319b       0x8e ../../bare-metal-series/libopencm3/lib/libopencm3_stm32f4.a(flash_common_idcache.o)
 .debug_macro   0x00003229       0x6f ../../bare-metal-series/libopencm3/lib/libopencm3_stm32f4.a(pwr.o)

.debug_line     0x00000000     0x1ed1
 .debug_line    0x00000000      0x2b7 src/main.o
 .debug_line    0x000002b7      0x2a6 ../../bare-metal-series/libopencm3/lib/libopencm3_stm32f4.a(gpio_common_all.o)
 .debug_line    0x0000055d      0x381 ../../bare-metal-series/libopencm3/lib/libopencm3_stm32f4.a(gpio_common_f0234.o)
 .debug_line    0x000008de      0x344 ../../bare-metal-series/libopencm3/lib/libopencm3_stm32f4.a(rcc_common_all.o)
 .debug_line    0x00000c22      0x9ad ../../bare-metal-series/libopencm3/lib/libopencm3_stm32f4.a(rcc.o)
 .debug_line    0x000015cf      0x2da ../../bare-metal-series/libopencm3/lib/libopencm3_stm32f4.a(vector.o)
 .debug_line    0x000018a9      0x246 ../../bare-metal-series/libopencm3/lib/libopencm3_stm32f4.a(flash_common_all.o)
 .debug_line    0x00001aef      0x25f ../../bare-metal-series/libopencm3/lib/libopencm3_stm32f4.a(flash_common_idcache.o)
 .debug_line    0x00001d4e      0x183 ../../bare-metal-series/libopencm3/lib/libopencm3_stm32f4.a(pwr.o)

.debug_str      0x00000000     0xe54f
 .debug_str     0x00000000     0xe54f src/main.o
                               0xa786 (size before relaxing)
 .debug_str     0x0000e54f     0x630f ../../bare-metal-series/libopencm3/lib/libopencm3_stm32f4.a(gpio_common_all.o)
 .debug_str     0x0000e54f     0x6327 ../../bare-metal-series/libopencm3/lib/libopencm3_stm32f4.a(gpio_common_f0234.o)
 .debug_str     0x0000e54f     0x96c4 ../../bare-metal-series/libopencm3/lib/libopencm3_stm32f4.a(rcc_common_all.o)
 .debug_str     0x0000e54f     0x9f39 ../../bare-metal-series/libopencm3/lib/libopencm3_stm32f4.a(rcc.o)
 .debug_str     0x0000e54f     0x6bcf ../../bare-metal-series/libopencm3/lib/libopencm3_stm32f4.a(vector.o)
 .debug_str     0x0000e54f     0x5671 ../../bare-metal-series/libopencm3/lib/libopencm3_stm32f4.a(flash_common_all.o)
 .debug_str     0x0000e54f     0x5693 ../../bare-metal-series/libopencm3/lib/libopencm3_stm32f4.a(flash_common_idcache.o)
 .debug_str     0x0000e54f     0x52ed ../../bare-metal-series/libopencm3/lib/libopencm3_stm32f4.a(pwr.o)

.comment        0x00000000       0x26
 .comment       0x00000000       0x26 src/main.o
                                 0x27 (size before relaxing)
 .comment       0x00000026       0x27 ../../bare-metal-series/libopencm3/lib/libopencm3_stm32f4.a(gpio_common_all.o)
 .comment       0x00000026       0x27 ../../bare-metal-series/libopencm3/lib/libopencm3_stm32f4.a(gpio_common_f0234.o)
 .comment       0x00000026       0x27 ../../bare-metal-series/libopencm3/lib/libopencm3_stm32f4.a(rcc_common_all.o)
 .comment       0x00000026       0x27 ../../bare-metal-series/libopencm3/lib/libopencm3_stm32f4.a(rcc.o)
 .comment       0x00000026       0x27 ../../bare-metal-series/libopencm3/lib/libopencm3_stm32f4.a(vector.o)
 .comment       0x00000026       0x27 ../../bare-metal-series/libopencm3/lib/libopencm3_stm32f4.a(flash_common_all.o)
 .comment       0x00000026       0x27 ../../bare-metal-series/libopencm3/lib/libopencm3_stm32f4.a(flash_common_idcache.o)
 .comment       0x00000026       0x27 ../../bare-metal-series/libopencm3/lib/libopencm3_stm32f4.a(pwr.o)

.ARM.attributes
                0x00000000       0x34
 .ARM.attributes
                0x00000000       0x34 src/main.o
 .ARM.attributes
                0x00000034       0x34 ../../bare-metal-series/libopencm3/lib/libopencm3_stm32f4.a(gpio_common_all.o)
 .ARM.attributes
                0x00000068       0x34 ../../bare-metal-series/libopencm3/lib/libopencm3_stm32f4.a(gpio_common_f0234.o)
 .ARM.attributes
                0x0000009c       0x34 ../../bare-metal-series/libopencm3/lib/libopencm3_stm32f4.a(rcc_common_all.o)
 .ARM.attributes
                0x000000d0       0x34 ../../bare-metal-series/libopencm3/lib/libopencm3_stm32f4.a(rcc.o)
 .ARM.attributes
                0x00000104       0x34 ../../bare-metal-series/libopencm3/lib/libopencm3_stm32f4.a(vector.o)
 .ARM.attributes
                0x00000138       0x34 ../../bare-metal-series/libopencm3/lib/libopencm3_stm32f4.a(flash_common_all.o)
 .ARM.attributes
                0x0000016c       0x34 ../../bare-metal-series/libopencm3/lib/libopencm3_stm32f4.a(flash_common_idcache.o)
 .ARM.attributes
                0x000001a0       0x34 ../../bare-metal-series/libopencm3/lib/libopencm3_stm32f4.a(pwr.o)

.debug_frame    0x00000000      0x558
 .debug_frame   0x00000000       0x28 src/main.o
 .debug_frame   0x00000028       0x80 ../../bare-metal-series/libopencm3/lib/libopencm3_stm32f4.a(gpio_common_all.o)
 .debug_frame   0x000000a8       0x70 ../../bare-metal-series/libopencm3/lib/libopencm3_stm32f4.a(gpio_common_f0234.o)
 .debug_frame   0x00000118       0xe0 ../../bare-metal-series/libopencm3/lib/libopencm3_stm32f4.a(rcc_common_all.o)
 .debug_frame   0x000001f8      0x234 ../../bare-metal-series/libopencm3/lib/libopencm3_stm32f4.a(rcc.o)
 .debug_frame   0x0000042c       0x4c ../../bare-metal-series/libopencm3/lib/libopencm3_stm32f4.a(vector.o)
 .debug_frame   0x00000478       0x50 ../../bare-metal-series/libopencm3/lib/libopencm3_stm32f4.a(flash_common_all.o)
 .debug_frame   0x000004c8       0x70 ../../bare-metal-series/libopencm3/lib/libopencm3_stm32f4.a(flash_common_idcache.o)
 .debug_frame   0x00000538       0x20 ../../bare-metal-series/libopencm3/lib/libopencm3_stm32f4.a(pwr.o)

Cross Reference Table

Symbol                                            File
__fini_array_end                                  ../../bare-metal-series/libopencm3/lib/libopencm3_stm32f4.a(vector.o)
__fini_array_start                                ../../bare-metal-series/libopencm3/lib/libopencm3_stm32f4.a(vector.o)
__init_array_end                                  ../../bare-metal-series/libopencm3/lib/libopencm3_stm32f4.a(vector.o)
__init_array_start                                ../../bare-metal-series/libopencm3/lib/libopencm3_stm32f4.a(vector.o)
__preinit_array_end                               ../../bare-metal-series/libopencm3/lib/libopencm3_stm32f4.a(vector.o)
__preinit_array_start                             ../../bare-metal-series/libopencm3/lib/libopencm3_stm32f4.a(vector.o)
_data                                             ../../bare-metal-series/libopencm3/lib/libopencm3_stm32f4.a(vector.o)
_data_loadaddr                                    ../../bare-metal-series/libopencm3/lib/libopencm3_stm32f4.a(vector.o)
_ebss                                             ../../bare-metal-series/libopencm3/lib/libopencm3_stm32f4.a(vector.o)
_edata                                            ../../bare-metal-series/libopencm3/lib/libopencm3_stm32f4.a(vector.o)
_stack                                            ../../bare-metal-series/libopencm3/lib/libopencm3_stm32f4.a(vector.o)
adc_isr                                           ../../bare-metal-series/libopencm3/lib/libopencm3_stm32f4.a(vector.o)
blocking_handler                                  ../../bare-metal-series/libopencm3/lib/libopencm3_stm32f4.a(vector.o)
bus_fault_handler                                 ../../bare-metal-series/libopencm3/lib/libopencm3_stm32f4.a(vector.o)
can1_rx0_isr                                      ../../bare-metal-series/libopencm3/lib/libopencm3_stm32f4.a(vector.o)
can1_rx1_isr                                      ../../bare-metal-series/libopencm3/lib/libopencm3_stm32f4.a(vector.o)
can1_sce_isr                                      ../../bare-metal-series/libopencm3/lib/libopencm3_stm32f4.a(vector.o)
can1_tx_isr                                       ../../bare-metal-series/libopencm3/lib/libopencm3_stm32f4.a(vector.o)
can2_rx0_isr                                      ../../bare-metal-series/libopencm3/lib/libopencm3_stm32f4.a(vector.o)
can2_rx1_isr                                      ../../bare-metal-series/libopencm3/lib/libopencm3_stm32f4.a(vector.o)
can2_sce_isr                                      ../../bare-metal-series/libopencm3/lib/libopencm3_stm32f4.a(vector.o)
can2_tx_isr                                       ../../bare-metal-series/libopencm3/lib/libopencm3_stm32f4.a(vector.o)
cryp_isr                                          ../../bare-metal-series/libopencm3/lib/libopencm3_stm32f4.a(vector.o)
dcmi_isr                                          ../../bare-metal-series/libopencm3/lib/libopencm3_stm32f4.a(vector.o)
debug_monitor_handler                             ../../bare-metal-series/libopencm3/lib/libopencm3_stm32f4.a(vector.o)
dma1_stream0_isr                                  ../../bare-metal-series/libopencm3/lib/libopencm3_stm32f4.a(vector.o)
dma1_stream1_isr                                  ../../bare-metal-series/libopencm3/lib/libopencm3_stm32f4.a(vector.o)
dma1_stream2_isr                                  ../../bare-metal-series/libopencm3/lib/libopencm3_stm32f4.a(vector.o)
dma1_stream3_isr                                  ../../bare-metal-series/libopencm3/lib/libopencm3_stm32f4.a(vector.o)
dma1_stream4_isr                                  ../../bare-metal-series/libopencm3/lib/libopencm3_stm32f4.a(vector.o)
dma1_stream5_isr                                  ../../bare-metal-series/libopencm3/lib/libopencm3_stm32f4.a(vector.o)
dma1_stream6_isr                                  ../../bare-metal-series/libopencm3/lib/libopencm3_stm32f4.a(vector.o)
dma1_stream7_isr                                  ../../bare-metal-series/libopencm3/lib/libopencm3_stm32f4.a(vector.o)
dma2_stream0_isr                                  ../../bare-metal-series/libopencm3/lib/libopencm3_stm32f4.a(vector.o)
dma2_stream1_isr                                  ../../bare-metal-series/libopencm3/lib/libopencm3_stm32f4.a(vector.o)
dma2_stream2_isr                                  ../../bare-metal-series/libopencm3/lib/libopencm3_stm32f4.a(vector.o)
dma2_stream3_isr                                  ../../bare-metal-series/libopencm3/lib/libopencm3_stm32f4.a(vector.o)
dma2_stream4_isr                                  ../../bare-metal-series/libopencm3/lib/libopencm3_stm32f4.a(vector.o)
dma2_stream5_isr                                  ../../bare-metal-series/libopencm3/lib/libopencm3_stm32f4.a(vector.o)
dma2_stream6_isr                                  ../../bare-metal-series/libopencm3/lib/libopencm3_stm32f4.a(vector.o)
dma2_stream7_isr                                  ../../bare-metal-series/libopencm3/lib/libopencm3_stm32f4.a(vector.o)
dma2d_isr                                         ../../bare-metal-series/libopencm3/lib/libopencm3_stm32f4.a(vector.o)
eth_isr                                           ../../bare-metal-series/libopencm3/lib/libopencm3_stm32f4.a(vector.o)
eth_wkup_isr                                      ../../bare-metal-series/libopencm3/lib/libopencm3_stm32f4.a(vector.o)
exti0_isr                                         ../../bare-metal-series/libopencm3/lib/libopencm3_stm32f4.a(vector.o)
exti15_10_isr                                     ../../bare-metal-series/libopencm3/lib/libopencm3_stm32f4.a(vector.o)
exti1_isr                                         ../../bare-metal-series/libopencm3/lib/libopencm3_stm32f4.a(vector.o)
exti2_isr                                         ../../bare-metal-series/libopencm3/lib/libopencm3_stm32f4.a(vector.o)
exti3_isr                                         ../../bare-metal-series/libopencm3/lib/libopencm3_stm32f4.a(vector.o)
exti4_isr                                         ../../bare-metal-series/libopencm3/lib/libopencm3_stm32f4.a(vector.o)
exti9_5_isr                                       ../../bare-metal-series/libopencm3/lib/libopencm3_stm32f4.a(vector.o)
flash_dcache_disable                              ../../bare-metal-series/libopencm3/lib/libopencm3_stm32f4.a(flash_common_idcache.o)
                                                  ../../bare-metal-series/libopencm3/lib/libopencm3_stm32f4.a(rcc.o)
flash_dcache_enable                               ../../bare-metal-series/libopencm3/lib/libopencm3_stm32f4.a(flash_common_idcache.o)
                                                  ../../bare-metal-series/libopencm3/lib/libopencm3_stm32f4.a(rcc.o)
flash_dcache_reset                                ../../bare-metal-series/libopencm3/lib/libopencm3_stm32f4.a(flash_common_idcache.o)
flash_icache_disable                              ../../bare-metal-series/libopencm3/lib/libopencm3_stm32f4.a(flash_common_idcache.o)
                                                  ../../bare-metal-series/libopencm3/lib/libopencm3_stm32f4.a(rcc.o)
flash_icache_enable                               ../../bare-metal-series/libopencm3/lib/libopencm3_stm32f4.a(flash_common_idcache.o)
                                                  ../../bare-metal-series/libopencm3/lib/libopencm3_stm32f4.a(rcc.o)
flash_icache_reset                                ../../bare-metal-series/libopencm3/lib/libopencm3_stm32f4.a(flash_common_idcache.o)
flash_isr                                         ../../bare-metal-series/libopencm3/lib/libopencm3_stm32f4.a(vector.o)
flash_prefetch_disable                            ../../bare-metal-series/libopencm3/lib/libopencm3_stm32f4.a(flash_common_all.o)
flash_prefetch_enable                             ../../bare-metal-series/libopencm3/lib/libopencm3_stm32f4.a(flash_common_all.o)
flash_set_ws                                      ../../bare-metal-series/libopencm3/lib/libopencm3_stm32f4.a(flash_common_all.o)
                                                  ../../bare-metal-series/libopencm3/lib/libopencm3_stm32f4.a(rcc.o)
flash_unlock_option_bytes                         ../../bare-metal-series/libopencm3/lib/libopencm3_stm32f4.a(flash_common_all.o)
fpu_isr                                           ../../bare-metal-series/libopencm3/lib/libopencm3_stm32f4.a(vector.o)
fsmc_isr                                          ../../bare-metal-series/libopencm3/lib/libopencm3_stm32f4.a(vector.o)
gpio_clear                                        ../../bare-metal-series/libopencm3/lib/libopencm3_stm32f4.a(gpio_common_all.o)
gpio_get                                          ../../bare-metal-series/libopencm3/lib/libopencm3_stm32f4.a(gpio_common_all.o)
gpio_mode_setup                                   ../../bare-metal-series/libopencm3/lib/libopencm3_stm32f4.a(gpio_common_f0234.o)
                                                  src/main.o
gpio_port_config_lock                             ../../bare-metal-series/libopencm3/lib/libopencm3_stm32f4.a(gpio_common_all.o)
gpio_port_read                                    ../../bare-metal-series/libopencm3/lib/libopencm3_stm32f4.a(gpio_common_all.o)
gpio_port_write                                   ../../bare-metal-series/libopencm3/lib/libopencm3_stm32f4.a(gpio_common_all.o)
gpio_set                                          ../../bare-metal-series/libopencm3/lib/libopencm3_stm32f4.a(gpio_common_all.o)
gpio_set_af                                       ../../bare-metal-series/libopencm3/lib/libopencm3_stm32f4.a(gpio_common_f0234.o)
gpio_set_output_options                           ../../bare-metal-series/libopencm3/lib/libopencm3_stm32f4.a(gpio_common_f0234.o)
gpio_toggle                                       ../../bare-metal-series/libopencm3/lib/libopencm3_stm32f4.a(gpio_common_all.o)
                                                  src/main.o
hard_fault_handler                                ../../bare-metal-series/libopencm3/lib/libopencm3_stm32f4.a(vector.o)
hash_rng_isr                                      ../../bare-metal-series/libopencm3/lib/libopencm3_stm32f4.a(vector.o)
i2c1_er_isr                                       ../../bare-metal-series/libopencm3/lib/libopencm3_stm32f4.a(vector.o)
i2c1_ev_isr                                       ../../bare-metal-series/libopencm3/lib/libopencm3_stm32f4.a(vector.o)
i2c2_er_isr                                       ../../bare-metal-series/libopencm3/lib/libopencm3_stm32f4.a(vector.o)
i2c2_ev_isr                                       ../../bare-metal-series/libopencm3/lib/libopencm3_stm32f4.a(vector.o)
i2c3_er_isr                                       ../../bare-metal-series/libopencm3/lib/libopencm3_stm32f4.a(vector.o)
i2c3_ev_isr                                       ../../bare-metal-series/libopencm3/lib/libopencm3_stm32f4.a(vector.o)
lcd_tft_err_isr                                   ../../bare-metal-series/libopencm3/lib/libopencm3_stm32f4.a(vector.o)
lcd_tft_isr                                       ../../bare-metal-series/libopencm3/lib/libopencm3_stm32f4.a(vector.o)
main                                              src/main.o
                                                  ../../bare-metal-series/libopencm3/lib/libopencm3_stm32f4.a(vector.o)
mem_manage_handler                                ../../bare-metal-series/libopencm3/lib/libopencm3_stm32f4.a(vector.o)
nmi_handler                                       ../../bare-metal-series/libopencm3/lib/libopencm3_stm32f4.a(vector.o)
null_handler                                      ../../bare-metal-series/libopencm3/lib/libopencm3_stm32f4.a(vector.o)
nvic_wwdg_isr                                     ../../bare-metal-series/libopencm3/lib/libopencm3_stm32f4.a(vector.o)
otg_fs_isr                                        ../../bare-metal-series/libopencm3/lib/libopencm3_stm32f4.a(vector.o)
otg_hs_ep1_in_isr                                 ../../bare-metal-series/libopencm3/lib/libopencm3_stm32f4.a(vector.o)
otg_hs_ep1_out_isr                                ../../bare-metal-series/libopencm3/lib/libopencm3_stm32f4.a(vector.o)
otg_hs_isr                                        ../../bare-metal-series/libopencm3/lib/libopencm3_stm32f4.a(vector.o)
otg_hs_wkup_isr                                   ../../bare-metal-series/libopencm3/lib/libopencm3_stm32f4.a(vector.o)
pend_sv_handler                                   ../../bare-metal-series/libopencm3/lib/libopencm3_stm32f4.a(vector.o)
pvd_isr                                           ../../bare-metal-series/libopencm3/lib/libopencm3_stm32f4.a(vector.o)
pwr_set_vos_scale                                 ../../bare-metal-series/libopencm3/lib/libopencm3_stm32f4.a(pwr.o)
                                                  ../../bare-metal-series/libopencm3/lib/libopencm3_stm32f4.a(rcc.o)
rcc_ahb_frequency                                 ../../bare-metal-series/libopencm3/lib/libopencm3_stm32f4.a(rcc.o)
rcc_apb1_frequency                                ../../bare-metal-series/libopencm3/lib/libopencm3_stm32f4.a(rcc.o)
rcc_apb2_frequency                                ../../bare-metal-series/libopencm3/lib/libopencm3_stm32f4.a(rcc.o)
rcc_clock_setup_hse_3v3                           ../../bare-metal-series/libopencm3/lib/libopencm3_stm32f4.a(rcc.o)
rcc_clock_setup_pll                               ../../bare-metal-series/libopencm3/lib/libopencm3_stm32f4.a(rcc.o)
                                                  src/main.o
rcc_css_disable                                   ../../bare-metal-series/libopencm3/lib/libopencm3_stm32f4.a(rcc.o)
rcc_css_enable                                    ../../bare-metal-series/libopencm3/lib/libopencm3_stm32f4.a(rcc.o)
rcc_css_int_clear                                 ../../bare-metal-series/libopencm3/lib/libopencm3_stm32f4.a(rcc.o)
rcc_css_int_flag                                  ../../bare-metal-series/libopencm3/lib/libopencm3_stm32f4.a(rcc.o)
rcc_get_div_from_hpre                             ../../bare-metal-series/libopencm3/lib/libopencm3_stm32f4.a(rcc_common_all.o)
rcc_get_i2c_clk_freq                              ../../bare-metal-series/libopencm3/lib/libopencm3_stm32f4.a(rcc.o)
rcc_get_spi_clk_freq                              ../../bare-metal-series/libopencm3/lib/libopencm3_stm32f4.a(rcc.o)
rcc_get_timer_clk_freq                            ../../bare-metal-series/libopencm3/lib/libopencm3_stm32f4.a(rcc.o)
rcc_get_usart_clk_freq                            ../../bare-metal-series/libopencm3/lib/libopencm3_stm32f4.a(rcc.o)
rcc_hse_12mhz_3v3                                 ../../bare-metal-series/libopencm3/lib/libopencm3_stm32f4.a(rcc.o)
rcc_hse_16mhz_3v3                                 ../../bare-metal-series/libopencm3/lib/libopencm3_stm32f4.a(rcc.o)
rcc_hse_25mhz_3v3                                 ../../bare-metal-series/libopencm3/lib/libopencm3_stm32f4.a(rcc.o)
rcc_hse_8mhz_3v3                                  ../../bare-metal-series/libopencm3/lib/libopencm3_stm32f4.a(rcc.o)
rcc_hsi_configs                                   ../../bare-metal-series/libopencm3/lib/libopencm3_stm32f4.a(rcc.o)
                                                  src/main.o
rcc_is_osc_ready                                  ../../bare-metal-series/libopencm3/lib/libopencm3_stm32f4.a(rcc.o)
rcc_isr                                           ../../bare-metal-series/libopencm3/lib/libopencm3_stm32f4.a(vector.o)
rcc_osc_bypass_disable                            ../../bare-metal-series/libopencm3/lib/libopencm3_stm32f4.a(rcc_common_all.o)
rcc_osc_bypass_enable                             ../../bare-metal-series/libopencm3/lib/libopencm3_stm32f4.a(rcc_common_all.o)
rcc_osc_off                                       ../../bare-metal-series/libopencm3/lib/libopencm3_stm32f4.a(rcc.o)
rcc_osc_on                                        ../../bare-metal-series/libopencm3/lib/libopencm3_stm32f4.a(rcc.o)
rcc_osc_ready_int_clear                           ../../bare-metal-series/libopencm3/lib/libopencm3_stm32f4.a(rcc.o)
rcc_osc_ready_int_disable                         ../../bare-metal-series/libopencm3/lib/libopencm3_stm32f4.a(rcc.o)
rcc_osc_ready_int_enable                          ../../bare-metal-series/libopencm3/lib/libopencm3_stm32f4.a(rcc.o)
rcc_osc_ready_int_flag                            ../../bare-metal-series/libopencm3/lib/libopencm3_stm32f4.a(rcc.o)
rcc_periph_clock_disable                          ../../bare-metal-series/libopencm3/lib/libopencm3_stm32f4.a(rcc_common_all.o)
rcc_periph_clock_enable                           ../../bare-metal-series/libopencm3/lib/libopencm3_stm32f4.a(rcc_common_all.o)
                                                  ../../bare-metal-series/libopencm3/lib/libopencm3_stm32f4.a(rcc.o)
                                                  src/main.o
rcc_periph_reset_hold                             ../../bare-metal-series/libopencm3/lib/libopencm3_stm32f4.a(rcc_common_all.o)
rcc_periph_reset_pulse                            ../../bare-metal-series/libopencm3/lib/libopencm3_stm32f4.a(rcc_common_all.o)
rcc_periph_reset_release                          ../../bare-metal-series/libopencm3/lib/libopencm3_stm32f4.a(rcc_common_all.o)
rcc_peripheral_clear_reset                        ../../bare-metal-series/libopencm3/lib/libopencm3_stm32f4.a(rcc_common_all.o)
rcc_peripheral_disable_clock                      ../../bare-metal-series/libopencm3/lib/libopencm3_stm32f4.a(rcc_common_all.o)
rcc_peripheral_enable_clock                       ../../bare-metal-series/libopencm3/lib/libopencm3_stm32f4.a(rcc_common_all.o)
rcc_peripheral_reset                              ../../bare-metal-series/libopencm3/lib/libopencm3_stm32f4.a(rcc_common_all.o)
rcc_plli2s_config                                 ../../bare-metal-series/libopencm3/lib/libopencm3_stm32f4.a(rcc.o)
rcc_pllsai_config                                 ../../bare-metal-series/libopencm3/lib/libopencm3_stm32f4.a(rcc.o)
rcc_pllsai_postscalers                            ../../bare-metal-series/libopencm3/lib/libopencm3_stm32f4.a(rcc.o)
rcc_set_hpre                                      ../../bare-metal-series/libopencm3/lib/libopencm3_stm32f4.a(rcc.o)
rcc_set_main_pll_hse                              ../../bare-metal-series/libopencm3/lib/libopencm3_stm32f4.a(rcc.o)
rcc_set_main_pll_hsi                              ../../bare-metal-series/libopencm3/lib/libopencm3_stm32f4.a(rcc.o)
rcc_set_mco                                       ../../bare-metal-series/libopencm3/lib/libopencm3_stm32f4.a(rcc_common_all.o)
rcc_set_pll_source                                ../../bare-metal-series/libopencm3/lib/libopencm3_stm32f4.a(rcc.o)
rcc_set_ppre1                                     ../../bare-metal-series/libopencm3/lib/libopencm3_stm32f4.a(rcc.o)
rcc_set_ppre2                                     ../../bare-metal-series/libopencm3/lib/libopencm3_stm32f4.a(rcc.o)
rcc_set_rtcpre                                    ../../bare-metal-series/libopencm3/lib/libopencm3_stm32f4.a(rcc.o)
rcc_set_sysclk_source                             ../../bare-metal-series/libopencm3/lib/libopencm3_stm32f4.a(rcc.o)
rcc_system_clock_source                           ../../bare-metal-series/libopencm3/lib/libopencm3_stm32f4.a(rcc.o)
rcc_wait_for_osc_ready                            ../../bare-metal-series/libopencm3/lib/libopencm3_stm32f4.a(rcc.o)
rcc_wait_for_sysclk_status                        ../../bare-metal-series/libopencm3/lib/libopencm3_stm32f4.a(rcc.o)
reset_handler                                     ../../bare-metal-series/libopencm3/lib/libopencm3_stm32f4.a(vector.o)
rtc_alarm_isr                                     ../../bare-metal-series/libopencm3/lib/libopencm3_stm32f4.a(vector.o)
rtc_wkup_isr                                      ../../bare-metal-series/libopencm3/lib/libopencm3_stm32f4.a(vector.o)
sai1_isr                                          ../../bare-metal-series/libopencm3/lib/libopencm3_stm32f4.a(vector.o)
sdio_isr                                          ../../bare-metal-series/libopencm3/lib/libopencm3_stm32f4.a(vector.o)
spi1_isr                                          ../../bare-metal-series/libopencm3/lib/libopencm3_stm32f4.a(vector.o)
spi2_isr                                          ../../bare-metal-series/libopencm3/lib/libopencm3_stm32f4.a(vector.o)
spi3_isr                                          ../../bare-metal-series/libopencm3/lib/libopencm3_stm32f4.a(vector.o)
spi4_isr                                          ../../bare-metal-series/libopencm3/lib/libopencm3_stm32f4.a(vector.o)
spi5_isr                                          ../../bare-metal-series/libopencm3/lib/libopencm3_stm32f4.a(vector.o)
spi6_isr                                          ../../bare-metal-series/libopencm3/lib/libopencm3_stm32f4.a(vector.o)
sv_call_handler                                   ../../bare-metal-series/libopencm3/lib/libopencm3_stm32f4.a(vector.o)
sys_tick_handler                                  ../../bare-metal-series/libopencm3/lib/libopencm3_stm32f4.a(vector.o)
tamp_stamp_isr                                    ../../bare-metal-series/libopencm3/lib/libopencm3_stm32f4.a(vector.o)
tim1_brk_tim9_isr                                 ../../bare-metal-series/libopencm3/lib/libopencm3_stm32f4.a(vector.o)
tim1_cc_isr                                       ../../bare-metal-series/libopencm3/lib/libopencm3_stm32f4.a(vector.o)
tim1_trg_com_tim11_isr                            ../../bare-metal-series/libopencm3/lib/libopencm3_stm32f4.a(vector.o)
tim1_up_tim10_isr                                 ../../bare-metal-series/libopencm3/lib/libopencm3_stm32f4.a(vector.o)
tim2_isr                                          ../../bare-metal-series/libopencm3/lib/libopencm3_stm32f4.a(vector.o)
tim3_isr                                          ../../bare-metal-series/libopencm3/lib/libopencm3_stm32f4.a(vector.o)
tim4_isr                                          ../../bare-metal-series/libopencm3/lib/libopencm3_stm32f4.a(vector.o)
tim5_isr                                          ../../bare-metal-series/libopencm3/lib/libopencm3_stm32f4.a(vector.o)
tim6_dac_isr                                      ../../bare-metal-series/libopencm3/lib/libopencm3_stm32f4.a(vector.o)
tim7_isr                                          ../../bare-metal-series/libopencm3/lib/libopencm3_stm32f4.a(vector.o)
tim8_brk_tim12_isr                                ../../bare-metal-series/libopencm3/lib/libopencm3_stm32f4.a(vector.o)
tim8_cc_isr                                       ../../bare-metal-series/libopencm3/lib/libopencm3_stm32f4.a(vector.o)
tim8_trg_com_tim14_isr                            ../../bare-metal-series/libopencm3/lib/libopencm3_stm32f4.a(vector.o)
tim8_up_tim13_isr                                 ../../bare-metal-series/libopencm3/lib/libopencm3_stm32f4.a(vector.o)
uart4_isr                                         ../../bare-metal-series/libopencm3/lib/libopencm3_stm32f4.a(vector.o)
uart5_isr                                         ../../bare-metal-series/libopencm3/lib/libopencm3_stm32f4.a(vector.o)
uart7_isr                                         ../../bare-metal-series/libopencm3/lib/libopencm3_stm32f4.a(vector.o)
uart8_isr                                         ../../bare-metal-series/libopencm3/lib/libopencm3_stm32f4.a(vector.o)
usage_fault_handler                               ../../bare-metal-series/libopencm3/lib/libopencm3_stm32f4.a(vector.o)
usart1_isr                                        ../../bare-metal-series/libopencm3/lib/libopencm3_stm32f4.a(vector.o)
usart2_isr                                        ../../bare-metal-series/libopencm3/lib/libopencm3_stm32f4.a(vector.o)
usart3_isr                                        ../../bare-metal-series/libopencm3/lib/libopencm3_stm32f4.a(vector.o)
usart6_isr                                        ../../bare-metal-series/libopencm3/lib/libopencm3_stm32f4.a(vector.o)
usb_fs_wkup_isr                                   ../../bare-metal-series/libopencm3/lib/libopencm3_stm32f4.a(vector.o)
vector_table                                      ../../bare-metal-series/libopencm3/lib/libopencm3_stm32f4.a(vector.o)
